
PythonAnywhere Playwright Runner
-----------------------------------
Started : 2026-10-09 05:39:13
Ends    : 2026-11-08 05:39:13
Username     : eliezerkenya
Target page  : https://www.pythonanywhere.com/user/eliezerkenya/webapps/#tab_id_eliezerkenya_pythonanywhere_com

Opening PythonAnywhere login page...
Login page loaded: https://www.pythonanywhere.com/login/
Filling credentials...
Login submitted.
Current URL: https://www.pythonanywhere.com/user/eliezerkenya/

============================================================
Checking PythonAnywhere Web Apps page...
2026-10-09 05:39:53
============================================================
Looking for 'Run until 1 month from today' button...
Found button using selector: input.btn.btn-warning.webapp_extend[value="Run until 1 month from today"]
Button clicked successfully!
Run button clicked successfully.

Chromium closed.

PythonAnywhere Playwright Runner
-----------------------------------
Started : 2026-10-09 05:40:33
Ends    : 2026-11-08 05:40:33
Username     : elabskenya
Target page  : https://www.pythonanywhere.com/user/elabskenya/webapps/#tab_id_elabskenya_pythonanywhere_com

Opening PythonAnywhere login page...
Login page loaded: https://www.pythonanywhere.com/login/
Filling credentials...
Login submitted.
Current URL: https://www.pythonanywhere.com/user/elabskenya/

============================================================
Checking PythonAnywhere Web Apps page...
2026-10-09 05:41:15
============================================================
Looking for 'Run until 1 month from today' button...
Found button using selector: input.btn.btn-warning.webapp_extend[value="Run until 1 month from today"]
Button clicked successfully!
Run button clicked successfully.

Chromium closed.
